// Jest Snapshot v1, https://goo.gl/fbAQLP

exports[`matches snapshot 1`] = `
<DocumentFragment>
  <div>
    <h1>
      Login
    </h1>
    <form>
      <label
        for="username"
      >
        Username:
        <input
          id="username"
          name="username"
          placeholder="username"
          type="text"
          value=""
        />
      </label>
      <label
        for="password"
      >
        Password:
        <input
          id="password"
          name="password"
          placeholder="password"
          type="password"
          value=""
        />
      </label>
      <button>
        Submit
      </button>
    </form>
    <p />
  </div>
</DocumentFragment>
`;
