// Jest Snapshot v1, https://goo.gl/fbAQLP

exports[`matches snapshot 1`] = `
<DocumentFragment>
  <div>
    <p>
      <span>
        🗑️
      </span>
       Walk the dog
    </p>
  </div>
</DocumentFragment>
`;
